// Jest Snapshot v1, https://goo.gl/fbAQLP

exports[`Cart add product renders correctly 1`] = `
ShallowWrapper {
  "complexSelector": ComplexSelector {
    "buildPredicate": [Function],
    "childrenOfNode": [Function],
    "findWhereUnwrapped": [Function],
  },
  "length": 1,
  "node": <Panel
    bsClass="panel"
    bsStyle="default"
    defaultExpanded={false}
    header="Add Products to Cart"
>
    <Grid
        bsClass="container"
        componentClass="div"
        fluid={true}
    >
        <Connect(Product)
            id="42d1595f-63d6-4c68-967a-e1ec4d7ca37c"
            name="Apple"
            price={0.25}
        />
        <Connect(Product)
            id="a9dd5019-194f-4cd0-a661-5e9485676879"
            name="Papaya"
            price={0.5}
            promotionName="3 x 2"
        />
    </Grid>
</Panel>,
  "nodes": Array [
    <Panel
      bsClass="panel"
      bsStyle="default"
      defaultExpanded={false}
      header="Add Products to Cart"
>
      <Grid
            bsClass="container"
            componentClass="div"
            fluid={true}
      >
            <Connect(Product)
                  id="42d1595f-63d6-4c68-967a-e1ec4d7ca37c"
                  name="Apple"
                  price={0.25}
            />
            <Connect(Product)
                  id="a9dd5019-194f-4cd0-a661-5e9485676879"
                  name="Papaya"
                  price={0.5}
                  promotionName="3 x 2"
            />
      </Grid>
</Panel>,
  ],
  "options": Object {},
  "renderer": ReactShallowRenderer {
    "_instance": ShallowComponentWrapper {
      "_calledComponentWillUnmount": false,
      "_compositeType": 0,
      "_context": Object {},
      "_currentElement": <CartAddProduct
        products={
                Array [
                        Object {
                          "id": "42d1595f-63d6-4c68-967a-e1ec4d7ca37c",
                          "name": "Apple",
                          "price": 0.25,
                        },
                        Object {
                          "id": "a9dd5019-194f-4cd0-a661-5e9485676879",
                          "name": "Papaya",
                          "price": 0.5,
                          "promotionName": "3 x 2",
                        },
                      ]
        }
/>,
      "_debugID": 1,
      "_hostContainerInfo": null,
      "_hostParent": null,
      "_instance": CartAddProduct {
        "_reactInternalInstance": [Circular],
        "context": Object {},
        "props": Object {
          "products": Array [
            Object {
              "id": "42d1595f-63d6-4c68-967a-e1ec4d7ca37c",
              "name": "Apple",
              "price": 0.25,
            },
            Object {
              "id": "a9dd5019-194f-4cd0-a661-5e9485676879",
              "name": "Papaya",
              "price": 0.5,
              "promotionName": "3 x 2",
            },
          ],
        },
        "refs": Object {},
        "state": null,
        "updater": Object {
          "enqueueCallback": [Function],
          "enqueueCallbackInternal": [Function],
          "enqueueElementInternal": [Function],
          "enqueueForceUpdate": [Function],
          "enqueueReplaceState": [Function],
          "enqueueSetState": [Function],
          "isMounted": [Function],
          "validateCallback": [Function],
        },
      },
      "_mountOrder": 1,
      "_pendingCallbacks": null,
      "_pendingElement": null,
      "_pendingForceUpdate": false,
      "_pendingReplaceState": false,
      "_pendingStateQueue": null,
      "_renderedComponent": NoopInternalComponent {
        "_currentElement": <Panel
          bsClass="panel"
          bsStyle="default"
          defaultExpanded={false}
          header="Add Products to Cart"
>
          <Grid
                    bsClass="container"
                    componentClass="div"
                    fluid={true}
          >
                    <Connect(Product)
                              id="42d1595f-63d6-4c68-967a-e1ec4d7ca37c"
                              name="Apple"
                              price={0.25}
                    />
                    <Connect(Product)
                              id="a9dd5019-194f-4cd0-a661-5e9485676879"
                              name="Papaya"
                              price={0.5}
                              promotionName="3 x 2"
                    />
          </Grid>
</Panel>,
        "_debugID": 2,
        "_renderedOutput": <Panel
          bsClass="panel"
          bsStyle="default"
          defaultExpanded={false}
          header="Add Products to Cart"
>
          <Grid
                    bsClass="container"
                    componentClass="div"
                    fluid={true}
          >
                    <Connect(Product)
                              id="42d1595f-63d6-4c68-967a-e1ec4d7ca37c"
                              name="Apple"
                              price={0.25}
                    />
                    <Connect(Product)
                              id="a9dd5019-194f-4cd0-a661-5e9485676879"
                              name="Papaya"
                              price={0.5}
                              promotionName="3 x 2"
                    />
          </Grid>
</Panel>,
      },
      "_renderedNodeType": 1,
      "_rootNodeID": 0,
      "_topLevelWrapper": null,
      "_updateBatchNumber": null,
      "_warnedAboutRefsInRender": false,
    },
    "getRenderOutput": [Function],
    "render": [Function],
  },
  "root": [Circular],
  "unrendered": <CartAddProduct
    products={
        Array [
            Object {
              "id": "42d1595f-63d6-4c68-967a-e1ec4d7ca37c",
              "name": "Apple",
              "price": 0.25,
            },
            Object {
              "id": "a9dd5019-194f-4cd0-a661-5e9485676879",
              "name": "Papaya",
              "price": 0.5,
              "promotionName": "3 x 2",
            },
          ]
    }
/>,
}
`;
